BL51 BANKED LINKER/LOCATER V6.22                                                        12/22/2024  16:19:42  PAGE 1


BL51 BANKED LINKER/LOCATER V6.22, INVOKED BY:
D:\APP\KEIL_51\C51\BIN\BL51.EXE .\Objects\main.obj, .\Objects\LCD.obj, .\Objects\DS18B20.obj, .\Objects\Delay.obj, .\Obj
>> ects\OneWire.obj, .\Objects\DS1302.obj, .\Objects\Key.obj, .\Objects\Timer0.obj TO .\Objects\test PRINT (.\Listings\t
>> est.m51)


MEMORY MODEL: SMALL WITH FLOATING POINT ARITHMETIC


INPUT MODULES INCLUDED:
  .\Objects\main.obj (MAIN)
  .\Objects\LCD.obj (LCD)
  .\Objects\DS18B20.obj (DS18B20)
  .\Objects\Delay.obj (DELAY)
  .\Objects\OneWire.obj (ONEWIRE)
  .\Objects\DS1302.obj (DS1302)
  .\Objects\Key.obj (KEY)
  .\Objects\Timer0.obj (TIMER0)
  D:\APP\KEIL_51\C51\LIB\C51FPS.LIB (?C?FPDIV)
  D:\APP\KEIL_51\C51\LIB\C51FPS.LIB (?C?FPCMP)
  D:\APP\KEIL_51\C51\LIB\C51FPS.LIB (?C?FCAST)
  D:\APP\KEIL_51\C51\LIB\C51FPS.LIB (PRINTF)
  D:\APP\KEIL_51\C51\LIB\C51FPS.LIB (?C?FPGETOPN)
  D:\APP\KEIL_51\C51\LIB\C51FPS.LIB (?C?FPROUND)
  D:\APP\KEIL_51\C51\LIB\C51FPS.LIB (?C?FPCONVERT)
  D:\APP\KEIL_51\C51\LIB\C51FPS.LIB (?C?FPADD)
  D:\APP\KEIL_51\C51\LIB\C51FPS.LIB (?C?FPMUL)
  D:\APP\KEIL_51\C51\LIB\C51FPS.LIB (?C?FTNPWR)
  D:\APP\KEIL_51\C51\LIB\C51S.LIB (?C_STARTUP)
  D:\APP\KEIL_51\C51\LIB\C51S.LIB (?C?CLDPTR)
  D:\APP\KEIL_51\C51\LIB\C51S.LIB (?C?CLDOPTR)
  D:\APP\KEIL_51\C51\LIB\C51S.LIB (?C?CSTPTR)
  D:\APP\KEIL_51\C51\LIB\C51S.LIB (?C?LNEG)
  D:\APP\KEIL_51\C51\LIB\C51S.LIB (?C?PLDIIDATA)
  D:\APP\KEIL_51\C51\LIB\C51S.LIB (?C?CCASE)
  D:\APP\KEIL_51\C51\LIB\C51S.LIB (PUTCHAR)
  D:\APP\KEIL_51\C51\LIB\C51S.LIB (?C_INIT)


LINK MAP OF MODULE:  .\Objects\test (MAIN)


            TYPE    BASE      LENGTH    RELOCATION   SEGMENT NAME
            -----------------------------------------------------

            * * * * * * *   D A T A   M E M O R Y   * * * * * * *
            REG     0000H     0008H     ABSOLUTE     "REG BANK 0"
            DATA    0008H     0007H     UNIT         ?DT?DS1302
            DATA    000FH     0001H     UNIT         ?DT?KEY?KEY
                    0010H     0010H                  *** GAP ***
            BIT     0020H.0   0001H.1   UNIT         _BIT_GROUP_
                    0021H.1   0000H.7                *** GAP ***
            DATA    0022H     0024H     UNIT         ?DT?MAIN
            DATA    0046H     001CH     UNIT         _DATA_GROUP_
            IDATA   0062H     0001H     UNIT         ?STACK

            * * * * * * *   C O D E   M E M O R Y   * * * * * * *
            CODE    0000H     0003H     ABSOLUTE     
BL51 BANKED LINKER/LOCATER V6.22                                                      12/22/2024  16:19:42  PAGE 2


            CODE    0003H     05DDH     UNIT         ?C?LIB_CODE
            CODE    05E0H     046FH     UNIT         ?PR?PRINTF?PRINTF
            CODE    0A4FH     00EEH     UNIT         ?PR?TEMP_SHOW?MAIN
            CODE    0B3DH     00EAH     UNIT         ?PR?DS1302_SETTIME?DS1302
            CODE    0C27H     008DH     UNIT         ?PR?DS1302_READTIME?DS1302
            CODE    0CB4H     008CH     UNIT         ?C_C51STARTUP
            CODE    0D40H     0061H     UNIT         ?PR?KEY?KEY
            CODE    0DA1H     005DH     UNIT         ?PR?_DS1302_WRITEBYTE?DS1302
            CODE    0DFEH     004EH     UNIT         ?PR?_DS1302_READBYTE?DS1302
            CODE    0E4CH     004BH     UNIT         ?CO?MAIN
            CODE    0E97H     002CH     UNIT         ?PR?_DELAYMS?LCD
            CODE    0EC3H     002CH     UNIT         ?PR?DS18B20_READT?DS18B20
            CODE    0EEFH     002BH     UNIT         ?PR?MAIN?MAIN
            CODE    0F1AH     002BH     UNIT         ?PR?TIMESHOW?MAIN
            CODE    0F45H     0028H     UNIT         ?PR?_LCD_PRINTF?LCD
            CODE    0F6DH     0027H     UNIT         ?PR?PUTCHAR?PUTCHAR
            CODE    0F94H     001DH     UNIT         ?PR?ONEWIRE_RECEIVEBYTE?ONEWIRE
            CODE    0FB1H     001AH     UNIT         ?PR?ONEWIRE_INIT?ONEWIRE
            CODE    0FCBH     0019H     UNIT         ?PR?_ONEWIRE_SENDBYTE?ONEWIRE
            CODE    0FE4H     0018H     UNIT         ?PR?ONEWIRE_RECEIVEBIT?ONEWIRE
            CODE    0FFCH     0017H     UNIT         ?PR?TIMER0INIT?TIMER0
            CODE    1013H     0015H     UNIT         ?PR?_LCD_GOTO_XY?LCD
            CODE    1028H     0015H     UNIT         ?PR?_DELAY?DELAY
            CODE    103DH     0014H     UNIT         ?PR?LCD_INIT?LCD
            CODE    1051H     0012H     UNIT         ?PR?_ONEWIRE_SENDBIT?ONEWIRE
            CODE    1063H     0011H     UNIT         ?C_INITSEG
            CODE    1074H     000FH     UNIT         ?PR?READ_TEMP?MAIN
            CODE    1083H     000DH     UNIT         ?PR?DS18B20_CONVERTT?DS18B20
            CODE    1090H     000AH     UNIT         ?PR?_LCD_WRITE_CMD?LCD
            CODE    109AH     000AH     UNIT         ?PR?_LCD_WRITE_DATA?LCD
            CODE    10A4H     0005H     UNIT         ?PR?DS1302_INIT?DS1302



OVERLAY MAP OF MODULE:   .\Objects\test (MAIN)


SEGMENT                                    BIT_GROUP          DATA_GROUP 
  +--> CALLED SEGMENT                   START    LENGTH     START    LENGTH
---------------------------------------------------------------------------
?C_C51STARTUP                           -----    -----      -----    -----
  +--> ?PR?MAIN?MAIN
  +--> ?C_INITSEG

?PR?MAIN?MAIN                           -----    -----      -----    -----
  +--> ?PR?READ_TEMP?MAIN
  +--> ?PR?LCD_INIT?LCD
  +--> ?PR?TIMER0INIT?TIMER0
  +--> ?PR?DS1302_INIT?DS1302
  +--> ?PR?_DELAY?DELAY
  +--> ?CO?MAIN
  +--> ?PR?_LCD_PRINTF?LCD
  +--> ?PR?DS1302_SETTIME?DS1302
  +--> ?PR?TIMESHOW?MAIN
  +--> ?PR?TEMP_SHOW?MAIN

?PR?READ_TEMP?MAIN                      -----    -----      -----    -----
BL51 BANKED LINKER/LOCATER V6.22                                                      12/22/2024  16:19:42  PAGE 3


  +--> ?PR?DS18B20_CONVERTT?DS18B20
  +--> ?PR?DS18B20_READT?DS18B20

?PR?DS18B20_CONVERTT?DS18B20            -----    -----      -----    -----
  +--> ?PR?ONEWIRE_INIT?ONEWIRE
  +--> ?PR?_ONEWIRE_SENDBYTE?ONEWIRE

?PR?_ONEWIRE_SENDBYTE?ONEWIRE           -----    -----      -----    -----
  +--> ?PR?_ONEWIRE_SENDBIT?ONEWIRE

?PR?DS18B20_READT?DS18B20               -----    -----      0046H    0001H
  +--> ?PR?ONEWIRE_INIT?ONEWIRE
  +--> ?PR?_ONEWIRE_SENDBYTE?ONEWIRE
  +--> ?PR?ONEWIRE_RECEIVEBYTE?ONEWIRE

?PR?ONEWIRE_RECEIVEBYTE?ONEWIRE         -----    -----      -----    -----
  +--> ?PR?ONEWIRE_RECEIVEBIT?ONEWIRE

?PR?LCD_INIT?LCD                        -----    -----      -----    -----
  +--> ?PR?_LCD_WRITE_CMD?LCD

?PR?_LCD_WRITE_CMD?LCD                  -----    -----      -----    -----
  +--> ?PR?_DELAYMS?LCD

?PR?_LCD_PRINTF?LCD                     -----    -----      0046H    0003H
  +--> ?PR?_LCD_GOTO_XY?LCD
  +--> ?PR?_LCD_WRITE_DATA?LCD

?PR?_LCD_GOTO_XY?LCD                    -----    -----      -----    -----
  +--> ?PR?_LCD_WRITE_CMD?LCD

?PR?_LCD_WRITE_DATA?LCD                 -----    -----      -----    -----
  +--> ?PR?_DELAYMS?LCD

?PR?DS1302_SETTIME?DS1302               -----    -----      -----    -----
  +--> ?PR?_DS1302_WRITEBYTE?DS1302

?PR?_DS1302_WRITEBYTE?DS1302            -----    -----      0046H    0002H

?PR?TIMESHOW?MAIN                       -----    -----      -----    -----
  +--> ?PR?DS1302_READTIME?DS1302
  +--> ?CO?MAIN
  +--> ?PR?PRINTF?PRINTF
  +--> ?PR?_LCD_PRINTF?LCD

?PR?DS1302_READTIME?DS1302              -----    -----      -----    -----
  +--> ?PR?_DS1302_READBYTE?DS1302

?PR?PRINTF?PRINTF                       0020H.0  0001H.1    0046H    001CH
  +--> ?PR?PUTCHAR?PUTCHAR

?PR?TEMP_SHOW?MAIN                      -----    -----      -----    -----
  +--> ?PR?READ_TEMP?MAIN
  +--> ?CO?MAIN
  +--> ?PR?PRINTF?PRINTF
  +--> ?PR?_LCD_PRINTF?LCD

BL51 BANKED LINKER/LOCATER V6.22                                                      12/22/2024  16:19:42  PAGE 4




SYMBOL TABLE OF MODULE:  .\Objects\test (MAIN)

  VALUE           TYPE          NAME
  ----------------------------------

  -------         MODULE        MAIN
  C:0000H         SYMBOL        _ICE_DUMMY_
  D:0090H         PUBLIC        P1
  D:00A0H         PUBLIC        P2
  D:00B0H         PUBLIC        P3
  D:0022H         PUBLIC        Time
  C:0A4FH         PUBLIC        Temp_Show
  D:0032H         PUBLIC        TimeSetSelect
  D:0033H         PUBLIC        MODE
  C:0EEFH         PUBLIC        main
  D:0034H         PUBLIC        count
  D:0036H         PUBLIC        TimeSetFlashFlag
  C:0F1AH         PUBLIC        TimeShow
  B:0090H.5       PUBLIC        RL1
  D:0037H         PUBLIC        T
  D:003BH         PUBLIC        KeyNum
  B:00A0H.0       PUBLIC        BUZZER
  D:003CH         PUBLIC        tmp_show
  C:1074H         PUBLIC        Read_Temp
  -------         PROC          MAIN
  C:0EEFH         LINE#         19
  C:0EEFH         LINE#         20
  C:0EEFH         LINE#         21
  C:0EF2H         LINE#         22
  C:0EF5H         LINE#         23
  C:0EF8H         LINE#         24
  C:0EFBH         LINE#         25
  C:0F02H         LINE#         26
  C:0F0FH         LINE#         27
  C:0F12H         LINE#         28
  C:0F12H         LINE#         41
  C:0F15H         LINE#         43
  C:0F18H         LINE#         44
  -------         ENDPROC       MAIN
  -------         PROC          READ_TEMP
  C:1074H         LINE#         46
  C:1074H         LINE#         47
  C:1074H         LINE#         48
  C:1077H         LINE#         49
  C:1082H         LINE#         50
  -------         ENDPROC       READ_TEMP
  -------         PROC          TEMP_SHOW
  C:0A4FH         LINE#         63
  C:0A4FH         LINE#         64
  C:0A4FH         LINE#         65
  C:0A52H         LINE#         67
  C:0A70H         LINE#         68
  C:0A7CH         LINE#         69
  C:0ABBH         LINE#         70
  C:0ABDH         LINE#         72
BL51 BANKED LINKER/LOCATER V6.22                                                      12/22/2024  16:19:42  PAGE 5


  C:0AD1H         LINE#         74
  C:0ADEH         LINE#         75
  C:0AE0H         LINE#         76
  C:0AE6H         LINE#         78
  C:0AFDH         LINE#         79
  C:0B0AH         LINE#         80
  C:0B10H         LINE#         81
  C:0B12H         LINE#         82
  C:0B12H         LINE#         83
  C:0B13H         LINE#         84
  C:0B1BH         LINE#         85
  C:0B1FH         LINE#         86
  C:0B2BH         LINE#         87
  C:0B2BH         LINE#         88
  C:0B38H         LINE#         89
  C:0B3AH         LINE#         90
  C:0B3CH         LINE#         91
  C:0B3CH         LINE#         92
  -------         ENDPROC       TEMP_SHOW
  -------         PROC          TIMESHOW
  C:0F1AH         LINE#         93
  C:0F1AH         LINE#         94
  C:0F1AH         LINE#         95
  C:0F1DH         LINE#         102
  C:0F38H         LINE#         103
  -------         ENDPROC       TIMESHOW
  -------         ENDMOD        MAIN

  -------         MODULE        LCD
  C:0000H         SYMBOL        _ICE_DUMMY_
  D:0080H         PUBLIC        P0
  C:1013H         PUBLIC        _LCD_GOTO_XY
  D:0090H         PUBLIC        P1
  D:00A0H         PUBLIC        P2
  D:00B0H         PUBLIC        P3
  C:0EA0H         PUBLIC        _DelayMS
  C:0F45H         PUBLIC        _LCD_Printf
  C:109AH         PUBLIC        _LCD_Write_DATA
  C:103DH         PUBLIC        LCD_Init
  B:0090H.4       PUBLIC        LCD_RS
  B:0090H.6       PUBLIC        LCD_ENABLE
  C:1090H         PUBLIC        _LCD_Write_CMD
  -------         PROC          L?0022
  -------         ENDPROC       L?0022
  -------         PROC          _DELAYMS
  D:0007H         SYMBOL        ms
  -------         DO            
  D:0004H         SYMBOL        i
  D:0002H         SYMBOL        j
  -------         ENDDO         
  C:0EA0H         LINE#         4
  C:0EA0H         LINE#         5
  C:0EA0H         LINE#         7
  C:0EADH         LINE#         8
  C:0EC2H         LINE#         9
  -------         ENDPROC       _DELAYMS
  -------         PROC          _LCD_WRITE_CMD
BL51 BANKED LINKER/LOCATER V6.22                                                      12/22/2024  16:19:42  PAGE 6


  D:0007H         SYMBOL        cmd
  C:1090H         LINE#         12
  C:1090H         LINE#         13
  C:1090H         LINE#         14
  C:1092H         LINE#         15
  C:1094H         LINE#         16
  C:1094H         LINE#         17
  C:1094H         LINE#         18
  C:1094H         LINE#         19
  C:1097H         LINE#         20
  C:1099H         LINE#         21
  -------         ENDPROC       _LCD_WRITE_CMD
  -------         PROC          _LCD_WRITE_DATA
  D:0007H         SYMBOL        DATA
  C:109AH         LINE#         24
  C:109AH         LINE#         25
  C:109AH         LINE#         26
  C:109CH         LINE#         27
  C:109EH         LINE#         28
  C:109EH         LINE#         29
  C:109EH         LINE#         30
  C:109EH         LINE#         31
  C:10A1H         LINE#         32
  C:10A3H         LINE#         33
  -------         ENDPROC       _LCD_WRITE_DATA
  -------         PROC          _LCD_GOTO_XY
  D:0001H         SYMBOL        x
  D:0005H         SYMBOL        y
  C:1013H         LINE#         36
  C:1015H         LINE#         37
  C:1015H         LINE#         38
  C:1018H         LINE#         39
  C:101BH         LINE#         40
  C:1020H         LINE#         41
  C:1027H         LINE#         42
  C:1027H         LINE#         43
  -------         ENDPROC       _LCD_GOTO_XY
  -------         PROC          _LCD_PRINTF
  D:0007H         SYMBOL        x
  D:0005H         SYMBOL        y
  D:0046H         SYMBOL        str
  C:0F45H         LINE#         46
  C:0F4BH         LINE#         47
  C:0F4BH         LINE#         48
  C:0F4EH         LINE#         49
  C:0F59H         LINE#         50
  C:0F6AH         LINE#         51
  C:0F6CH         LINE#         52
  -------         ENDPROC       _LCD_PRINTF
  -------         PROC          LCD_INIT
  C:103DH         LINE#         55
  C:103DH         LINE#         56
  C:103DH         LINE#         57
  C:1042H         LINE#         58
  C:1047H         LINE#         59
  C:104CH         LINE#         60
  -------         ENDPROC       LCD_INIT
BL51 BANKED LINKER/LOCATER V6.22                                                      12/22/2024  16:19:42  PAGE 7


  -------         ENDMOD        LCD

  -------         MODULE        DS18B20
  C:0000H         SYMBOL        _ICE_DUMMY_
  C:1083H         PUBLIC        DS18B20_ConvertT
  C:0EC3H         PUBLIC        DS18B20_ReadT
  -------         PROC          DS18B20_CONVERTT
  C:1083H         LINE#         14
  C:1083H         LINE#         15
  C:1083H         LINE#         16
  C:1086H         LINE#         17
  C:108BH         LINE#         18
  -------         ENDPROC       DS18B20_CONVERTT
  -------         PROC          DS18B20_READT
  -------         DO            
  D:0046H         SYMBOL        TLSB
  D:0007H         SYMBOL        TMSB
  D:0006H         SYMBOL        Temp
  D:0004H         SYMBOL        T
  -------         ENDDO         
  C:0EC3H         LINE#         26
  C:0EC3H         LINE#         27
  C:0EC3H         LINE#         31
  C:0EC6H         LINE#         32
  C:0ECBH         LINE#         33
  C:0ED0H         LINE#         34
  C:0ED5H         LINE#         35
  C:0ED8H         LINE#         36
  C:0EDDH         LINE#         37
  C:0EEEH         LINE#         38
  C:0EEEH         LINE#         39
  -------         ENDPROC       DS18B20_READT
  -------         ENDMOD        DS18B20

  -------         MODULE        DELAY
  C:0000H         SYMBOL        _ICE_DUMMY_
  C:1028H         PUBLIC        _Delay
  -------         PROC          _DELAY
  D:0006H         SYMBOL        xms
  -------         DO            
  D:0005H         SYMBOL        i
  D:0004H         SYMBOL        j
  -------         ENDDO         
  C:1028H         LINE#         2
  C:1028H         LINE#         3
  C:1028H         LINE#         5
  C:1032H         LINE#         6
  C:1032H         LINE#         7
  C:1034H         LINE#         8
  C:1036H         LINE#         10
  C:1036H         LINE#         11
  C:1038H         LINE#         12
  C:103AH         LINE#         13
  C:103CH         LINE#         14
  -------         ENDPROC       _DELAY
  -------         ENDMOD        DELAY

BL51 BANKED LINKER/LOCATER V6.22                                                      12/22/2024  16:19:42  PAGE 8


  -------         MODULE        ONEWIRE
  C:0000H         SYMBOL        _ICE_DUMMY_
  D:00A0H         PUBLIC        P2
  C:0FE4H         PUBLIC        OneWire_ReceiveBit
  B:00A0H.1       PUBLIC        OneWire_DQ
  C:0FB1H         PUBLIC        OneWire_Init
  C:0FCBH         PUBLIC        _OneWire_SendByte
  C:1051H         PUBLIC        _OneWire_SendBit
  C:0F94H         PUBLIC        OneWire_ReceiveByte
  -------         PROC          ONEWIRE_INIT
  -------         DO            
  D:0007H         SYMBOL        i
  D:0006H         SYMBOL        AckBit
  -------         ENDDO         
  C:0FB1H         LINE#         11
  C:0FB1H         LINE#         12
  C:0FB1H         LINE#         15
  C:0FB3H         LINE#         16
  C:0FB5H         LINE#         17
  C:0FB9H         LINE#         18
  C:0FBBH         LINE#         19
  C:0FBFH         LINE#         20
  C:0FC4H         LINE#         21
  C:0FC8H         LINE#         22
  C:0FCAH         LINE#         23
  -------         ENDPROC       ONEWIRE_INIT
  -------         PROC          _ONEWIRE_SENDBIT
  D:0007H         SYMBOL        Bit
  -------         DO            
  D:0006H         SYMBOL        i
  -------         ENDDO         
  C:1051H         LINE#         30
  C:1051H         LINE#         31
  C:1051H         LINE#         33
  C:1053H         LINE#         34
  C:1057H         LINE#         35
  C:105CH         LINE#         36
  C:1060H         LINE#         37
  C:1062H         LINE#         38
  -------         ENDPROC       _ONEWIRE_SENDBIT
  -------         PROC          ONEWIRE_RECEIVEBIT
  -------         DO            
  D:0007H         SYMBOL        i
  D:0006H         SYMBOL        Bit
  -------         ENDDO         
  C:0FE4H         LINE#         45
  C:0FE4H         LINE#         46
  C:0FE4H         LINE#         49
  C:0FE6H         LINE#         50
  C:0FEAH         LINE#         51
  C:0FECH         LINE#         52
  C:0FF0H         LINE#         53
  C:0FF5H         LINE#         54
  C:0FF9H         LINE#         55
  C:0FFBH         LINE#         56
  -------         ENDPROC       ONEWIRE_RECEIVEBIT
  -------         PROC          _ONEWIRE_SENDBYTE
BL51 BANKED LINKER/LOCATER V6.22                                                      12/22/2024  16:19:42  PAGE 9


  D:0005H         SYMBOL        Byte
  -------         DO            
  D:0004H         SYMBOL        i
  -------         ENDDO         
  C:0FCBH         LINE#         63
  C:0FCDH         LINE#         64
  C:0FCDH         LINE#         66
  C:0FCFH         LINE#         67
  C:0FCFH         LINE#         68
  C:0FDFH         LINE#         69
  C:0FE3H         LINE#         70
  -------         ENDPROC       _ONEWIRE_SENDBYTE
  -------         PROC          ONEWIRE_RECEIVEBYTE
  -------         DO            
  D:0004H         SYMBOL        i
  D:0005H         SYMBOL        Byte
  -------         ENDDO         
  C:0F94H         LINE#         77
  C:0F94H         LINE#         78
  C:0F94H         LINE#         80
  C:0F96H         LINE#         81
  C:0F97H         LINE#         82
  C:0F97H         LINE#         83
  C:0FAAH         LINE#         84
  C:0FAEH         LINE#         85
  C:0FB0H         LINE#         86
  -------         ENDPROC       ONEWIRE_RECEIVEBYTE
  -------         ENDMOD        ONEWIRE

  -------         MODULE        DS1302
  C:0000H         SYMBOL        _ICE_DUMMY_
  C:0B3DH         PUBLIC        DS1302_SetTime
  D:00B0H         PUBLIC        P3
  B:00B0H.0       PUBLIC        DS1302_CE
  C:0C27H         PUBLIC        DS1302_ReadTime
  D:0008H         PUBLIC        DS1302_Time
  C:0DFEH         PUBLIC        _DS1302_ReadByte
  C:10A4H         PUBLIC        DS1302_Init
  B:00B0H.2       PUBLIC        DS1302_IO
  C:0DA7H         PUBLIC        _DS1302_WriteByte
  B:00B0H.1       PUBLIC        DS1302_SCLK
  -------         PROC          DS1302_INIT
  C:10A4H         LINE#         26
  C:10A4H         LINE#         27
  C:10A4H         LINE#         28
  C:10A6H         LINE#         29
  C:10A8H         LINE#         30
  -------         ENDPROC       DS1302_INIT
  -------         PROC          L?0027
  -------         ENDPROC       L?0027
  -------         PROC          _DS1302_WRITEBYTE
  D:0003H         SYMBOL        Command
  D:0046H         SYMBOL        Data
  -------         DO            
  D:0005H         SYMBOL        i
  -------         ENDDO         
  C:0DA7H         LINE#         38
BL51 BANKED LINKER/LOCATER V6.22                                                      12/22/2024  16:19:42  PAGE 10


  C:0DADH         LINE#         39
  C:0DADH         LINE#         41
  C:0DAFH         LINE#         42
  C:0DB1H         LINE#         43
  C:0DB1H         LINE#         44
  C:0DCCH         LINE#         45
  C:0DCEH         LINE#         46
  C:0DD0H         LINE#         47
  C:0DD4H         LINE#         48
  C:0DD6H         LINE#         49
  C:0DD6H         LINE#         50
  C:0DF3H         LINE#         51
  C:0DF5H         LINE#         52
  C:0DF7H         LINE#         53
  C:0DFBH         LINE#         54
  C:0DFDH         LINE#         55
  -------         ENDPROC       _DS1302_WRITEBYTE
  -------         PROC          _DS1302_READBYTE
  D:0005H         SYMBOL        Command
  -------         DO            
  D:0003H         SYMBOL        i
  D:0001H         SYMBOL        Data
  -------         ENDDO         
  C:0DFEH         LINE#         62
  C:0E00H         LINE#         63
  C:0E00H         LINE#         64
  C:0E02H         LINE#         65
  C:0E05H         LINE#         66
  C:0E07H         LINE#         67
  C:0E08H         LINE#         68
  C:0E08H         LINE#         69
  C:0E23H         LINE#         70
  C:0E25H         LINE#         71
  C:0E27H         LINE#         72
  C:0E2BH         LINE#         73
  C:0E2DH         LINE#         74
  C:0E2DH         LINE#         75
  C:0E2FH         LINE#         76
  C:0E31H         LINE#         77
  C:0E41H         LINE#         78
  C:0E45H         LINE#         79
  C:0E47H         LINE#         80
  C:0E49H         LINE#         81
  C:0E4BH         LINE#         82
  -------         ENDPROC       _DS1302_READBYTE
  -------         PROC          DS1302_SETTIME
  C:0B3DH         LINE#         89
  C:0B3DH         LINE#         90
  C:0B3DH         LINE#         91
  C:0B45H         LINE#         92
  C:0B5EH         LINE#         93
  C:0B79H         LINE#         94
  C:0B9AH         LINE#         95
  C:0BBBH         LINE#         96
  C:0BDCH         LINE#         97
  C:0BFDH         LINE#         98
  C:0C1EH         LINE#         99
BL51 BANKED LINKER/LOCATER V6.22                                                      12/22/2024  16:19:42  PAGE 11


  -------         ENDPROC       DS1302_SETTIME
  -------         PROC          DS1302_READTIME
  -------         DO            
  D:0007H         SYMBOL        Temp
  -------         ENDDO         
  C:0C27H         LINE#         107
  C:0C27H         LINE#         108
  C:0C27H         LINE#         110
  C:0C2CH         LINE#         111
  C:0C3BH         LINE#         112
  C:0C40H         LINE#         113
  C:0C4FH         LINE#         114
  C:0C54H         LINE#         115
  C:0C63H         LINE#         116
  C:0C68H         LINE#         117
  C:0C77H         LINE#         118
  C:0C7CH         LINE#         119
  C:0C8BH         LINE#         120
  C:0C90H         LINE#         121
  C:0C9FH         LINE#         122
  C:0CA4H         LINE#         123
  C:0CB3H         LINE#         124
  -------         ENDPROC       DS1302_READTIME
  -------         ENDMOD        DS1302

  -------         MODULE        KEY
  C:0000H         SYMBOL        _ICE_DUMMY_
  B:0090H.0       PUBLIC        P1_0
  B:0090H.1       PUBLIC        P1_1
  B:0090H.2       PUBLIC        P1_2
  B:0090H.3       PUBLIC        P1_3
  C:0D40H         PUBLIC        Key
  -------         PROC          KEY
  -------         DO            
  D:000FH         SYMBOL        KeyNumber
  -------         ENDDO         
  C:0D40H         LINE#         9
  C:0D40H         LINE#         10
  C:0D40H         LINE#         11
  C:0D43H         LINE#         13
  C:0D59H         LINE#         14
  C:0D70H         LINE#         15
  C:0D87H         LINE#         16
  C:0D9EH         LINE#         18
  C:0DA0H         LINE#         19
  -------         ENDPROC       KEY
  -------         ENDMOD        KEY

  -------         MODULE        TIMER0
  C:0000H         SYMBOL        _ICE_DUMMY_
  B:00A8H.7       PUBLIC        EA
  D:0089H         PUBLIC        TMOD
  B:00A8H.1       PUBLIC        ET0
  B:0088H.5       PUBLIC        TF0
  C:0FFCH         PUBLIC        Timer0Init
  D:008CH         PUBLIC        TH0
  D:008AH         PUBLIC        TL0
BL51 BANKED LINKER/LOCATER V6.22                                                      12/22/2024  16:19:42  PAGE 12


  B:00B8H.1       PUBLIC        PT0
  B:0088H.4       PUBLIC        TR0
  -------         PROC          TIMER0INIT
  C:0FFCH         LINE#         8
  C:0FFCH         LINE#         9
  C:0FFCH         LINE#         10
  C:0FFFH         LINE#         11
  C:1002H         LINE#         12
  C:1005H         LINE#         13
  C:1008H         LINE#         14
  C:100AH         LINE#         15
  C:100CH         LINE#         16
  C:100EH         LINE#         17
  C:1010H         LINE#         18
  C:1012H         LINE#         19
  -------         ENDPROC       TIMER0INIT
  -------         ENDMOD        TIMER0

  -------         MODULE        ?C?FPDIV
  C:0006H         PUBLIC        ?C?FPDIV
  -------         ENDMOD        ?C?FPDIV

  -------         MODULE        ?C?FPCMP
  C:00A5H         PUBLIC        ?C?FPCMP
  C:00A3H         PUBLIC        ?C?FPCMP3
  -------         ENDMOD        ?C?FPCMP

  -------         MODULE        ?C?FCAST
  C:0126H         PUBLIC        ?C?FCASTC
  C:0121H         PUBLIC        ?C?FCASTI
  C:011CH         PUBLIC        ?C?FCASTL
  -------         ENDMOD        ?C?FCAST

  -------         MODULE        PRINTF
  D:0046H         PUBLIC        ?_PRINTF?BYTE
  D:0046H         PUBLIC        ?_SPRINTF?BYTE
  C:0642H         PUBLIC        _PRINTF
  C:063CH         PUBLIC        _SPRINTF
  -------         ENDMOD        PRINTF

  -------         MODULE        ?C?FPROUND
  C:01A4H         PUBLIC        ?C?FPROUND
  -------         ENDMOD        ?C?FPROUND

  -------         MODULE        ?C?FPCONVERT
  C:01D3H         PUBLIC        ?C?FPCONVERT
  -------         ENDMOD        ?C?FPCONVERT

  -------         MODULE        ?C?FPADD
  C:02DDH         PUBLIC        ?C?FPADD
  C:02D9H         PUBLIC        ?C?FPSUB
  -------         ENDMOD        ?C?FPADD

  -------         MODULE        ?C?FPMUL
  C:03CEH         PUBLIC        ?C?FPMUL
  -------         ENDMOD        ?C?FPMUL

BL51 BANKED LINKER/LOCATER V6.22                                                      12/22/2024  16:19:42  PAGE 13


  -------         MODULE        ?C?FTNPWR
  C:0504H         PUBLIC        ?C?FTNPWR
  -------         ENDMOD        ?C?FTNPWR

  -------         MODULE        ?C?CLDPTR
  C:0544H         PUBLIC        ?C?CLDPTR
  -------         ENDMOD        ?C?CLDPTR

  -------         MODULE        ?C?CLDOPTR
  C:055DH         PUBLIC        ?C?CLDOPTR
  -------         ENDMOD        ?C?CLDOPTR

  -------         MODULE        ?C?CSTPTR
  C:058AH         PUBLIC        ?C?CSTPTR
  -------         ENDMOD        ?C?CSTPTR

  -------         MODULE        ?C?LNEG
  C:059CH         PUBLIC        ?C?LNEG
  -------         ENDMOD        ?C?LNEG

  -------         MODULE        ?C?PLDIIDATA
  C:05AAH         PUBLIC        ?C?PLDIIDATA
  -------         ENDMOD        ?C?PLDIIDATA

  -------         MODULE        ?C?CCASE
  C:05BAH         PUBLIC        ?C?CCASE
  -------         ENDMOD        ?C?CCASE

  -------         MODULE        PUTCHAR
  C:0F6DH         PUBLIC        _PUTCHAR
  -------         ENDMOD        PUTCHAR

*** WARNING L16: UNCALLED SEGMENT, IGNORED FOR OVERLAY PROCESS
    SEGMENT: ?PR?KEY?KEY

Program Size: data=82.1 xdata=0 code=4265
LINK/LOCATE RUN COMPLETE.  1 WARNING(S),  0 ERROR(S)
